// Jest Snapshot v1, https://goo.gl/fbAQLP

exports[`root 1`] = `Promise {}`;
