mutation {
  deleteOneCategory(
  id: "30"
  ) 
}

{
  "data": {
    "deleteOneCategory": true
  }
}