mutation {
  deleteManyCategories(
  ids: ["16", "17"]
  ) 
}

{
  "data": {
    "deleteManyCategories": 1
  }
}

