{
  getAllCategories {
    id
  }
  getOneCategory(id:27) {
    title
    createdBy {
      id
    }
  }
}