mutation {
	updateOneCategory(id:8, category: {title: "new title"})
}

{
  "data": {
    "updateOneCategory": true
  }
}