// Jest Snapshot v1, https://goo.gl/fbAQLP

exports[`wtf 1`] = `
Object {
  "avatar": null,
  "createdAt": "2023-08-26T05:19:18.300734+00:00",
  "displayName": null,
  "email": "testing_profile@m.c",
  "id": "108",
  "providers": "local",
  "updatedAt": "2023-08-26T05:19:18.300734+00:00",
}
`;
